[www.artesiangroup.co.uk/index.html]
[backblue.gif]
[fade.gif]
[index.html]
[maxcdn.bootstrapcdn.com/font-awesome/4.2.0/css/font-awesome.min.css]
[www.artesiangroup.co.uk/css/flexy-menu.css]
[www.artesiangroup.co.uk/css/foundation.css]
[www.artesiangroup.co.uk/css/survey.css]
[www.artesiangroup.co.uk/css/style.css]
[maxcdn.bootstrapcdn.com/font-awesome/4.1.0/css/font-awesome.min.css]
[www.artesiangroup.co.uk/favicon.ico]
[www.google-analytics.com/analytics.js]
[ajax.googleapis.com/ajax/libs/jquery/1.11.1/jquery.min.js]
[www.artesiangroup.co.uk/js/jquery-1.10.1.min.js]
[www.artesiangroup.co.uk/img/circle2.png]
[www.artesiangroup.co.uk/js/flexy-menu.js]
[www.artesiangroup.co.uk/img/circle2hover.png]
[www.artesiangroup.co.uk/img/circle1.png]
[www.artesiangroup.co.uk/img/circle1hover.png]
[www.artesiangroup.co.uk/img/circle3.png]
[www.artesiangroup.co.uk/img/circle3hover.png]
[www.artesiangroup.co.uk/img/circle6.png]
[www.artesiangroup.co.uk/img/circle6hover.png]
[www.artesiangroup.co.uk/img/circle4.png]
[www.artesiangroup.co.uk/img/circle4hover.png]
[www.artesiangroup.co.uk/img/circle5.png]
[www.artesiangroup.co.uk/img/circle5hover.png]
[www.artesiangroup.co.uk/executive-presence.html]
[www.artesiangroup.co.uk/labyrinth.html]
[www.artesiangroup.co.uk/top-team-development.html]
[www.artesiangroup.co.uk/executive-coaching.html]
[www.artesiangroup.co.uk/creativity.html]
[www.artesiangroup.co.uk/leading-organisations.html]
[www.artesiangroup.co.uk/developing-people.html]
[www.artesiangroup.co.uk/Leading-change.html]
[www.artesiangroup.co.uk/Sales-organisation-transformation.html]
[www.artesiangroup.co.uk/who-we-work-with.html]
[www.artesiangroup.co.uk/bombardier-aerospace.html]
[www.artesiangroup.co.uk/european-investment-bank.html]
[www.artesiangroup.co.uk/Winchester-and-Eastleigh-NHS-Trust.html]
[www.artesiangroup.co.uk/Major-steel-company.html]
[www.artesiangroup.co.uk/course-dates.html]
[www.artesiangroup.co.uk/our-team.html]
[www.artesiangroup.co.uk/associates.html]
[www.artesiangroup.co.uk/name.html]
[www.artesiangroup.co.uk/our-values.html]
[www.artesiangroup.co.uk/get-in-touch.html]
[www.artesiangroup.co.uk/index-2.html]
[www.artesiangroup.co.uk/img/logo.png]
[www.artesiangroup.co.uk/healthy-leadership.html]
[www.artesiangroup.co.uk/index.html]
[maxcdn.bootstrapcdn.com/font-awesome/4.2.0/css/font-awesome.min.css]
[www.artesiangroup.co.uk/diagnostic-tools.html]
[www.artesiangroup.co.uk/css/font-awesome.css]
[www.artesiangroup.co.uk/css/flexy-menu.css]
[www.artesiangroup.co.uk/img/dropdown.png]
[www.artesiangroup.co.uk/css/foundation.css]
[www.artesiangroup.co.uk/font/sourcesanspro-light-webfont.eot]
[www.artesiangroup.co.uk/font/sourcesanspro-light-webfontd41d.eot]
[www.artesiangroup.co.uk/font/sourcesanspro-light-webfont.woff]
[www.artesiangroup.co.uk/font/sourcesanspro-light-webfont.ttf]
[www.artesiangroup.co.uk/font/sourcesanspro-light-webfont.svg]
[www.artesiangroup.co.uk/img/topstrip-centre.png]
[www.artesiangroup.co.uk/img/stage-bg.jpg]
[www.artesiangroup.co.uk/css/survey.css]
[www.artesiangroup.co.uk/img/circle2opacity.png]
[www.artesiangroup.co.uk/img/circle3opacity.png]
[www.artesiangroup.co.uk/img/circle6opacity.png]
[www.artesiangroup.co.uk/img/circle4opacity.png]
[www.artesiangroup.co.uk/img/circle5opacity.png]
[www.artesiangroup.co.uk/img/circle1opacity.png]
[www.artesiangroup.co.uk/img/footer.png]
[www.artesiangroup.co.uk/img/green-border.png]
[www.artesiangroup.co.uk/css/style.css]
[maxcdn.bootstrapcdn.com/font-awesome/4.1.0/css/font-awesome.min.css]
[www.artesiangroup.co.uk/bjqs.css]
[www.artesiangroup.co.uk/js/bjqs-1.3.js]
[www.artesiangroup.co.uk/executive-presence.html]
[www.artesiangroup.co.uk/img/exec-pres.jpg]
[www.artesiangroup.co.uk/img/Labyrinth.jpg]
[www.artesiangroup.co.uk/labyrinth.html]
[www.artesiangroup.co.uk/img/top-team.jpg]
[www.artesiangroup.co.uk/top-team-development.html]
[www.artesiangroup.co.uk/img/exec-coaching.jpg]
[www.artesiangroup.co.uk/executive-coaching.html]
[www.artesiangroup.co.uk/img/Creativity.jpg]
[www.artesiangroup.co.uk/creativity.html]
[www.artesiangroup.co.uk/img/leading-organisations.jpg]
[www.artesiangroup.co.uk/leading-organisations.html]
[www.artesiangroup.co.uk/img/dp.jpg]
[www.artesiangroup.co.uk/developing-people.html]
[www.artesiangroup.co.uk/img/leading-change.jpg]
[www.artesiangroup.co.uk/Leading-change.html]
[www.artesiangroup.co.uk/img/SOT.jpg]
[www.artesiangroup.co.uk/pdf/TMP_2019_flyer.pdf]
[www.artesiangroup.co.uk/pdf/breakthrough_thinking_2019_flyer.pdf]
[www.artesiangroup.co.uk/pdf/breakthrough_coaching_2019.pdf]
[www.artesiangroup.co.uk/Sales-organisation-transformation.html]
[www.artesiangroup.co.uk/img/clients.jpg]
[www.artesiangroup.co.uk/who-we-work-with.html]
[www.artesiangroup.co.uk/img/bomb.jpg]
[www.artesiangroup.co.uk/bombardier-aerospace.html]
[www.artesiangroup.co.uk/img/EIB.jpg]
[www.artesiangroup.co.uk/european-investment-bank.html]
[www.artesiangroup.co.uk/img/NHS.jpg]
[www.artesiangroup.co.uk/Winchester-and-Eastleigh-NHS-Trust.html]
[www.artesiangroup.co.uk/img/USS.jpg]
[www.artesiangroup.co.uk/Major-steel-company.html]
[www.artesiangroup.co.uk/img/Courses.jpg]
[www.artesiangroup.co.uk/pdf/Virtual_Transforming_Meetings_2020.pdf]
[www.artesiangroup.co.uk/pdf/Virtual_TP_course_2020.pdf]
[www.artesiangroup.co.uk/pdf/LDP_2020.pdf]
[www.artesiangroup.co.uk/course-dates.html]
[www.artesiangroup.co.uk/img/Our-Team.jpg]
[www.artesiangroup.co.uk/our-team.html]
[www.artesiangroup.co.uk/praise.html]
[www.artesiangroup.co.uk/img/associates.jpg]
[www.artesiangroup.co.uk/img/clive.jpg]
[www.artesiangroup.co.uk/img/daphne.jpg]
[www.artesiangroup.co.uk/img/jeremy.jpg]
[www.artesiangroup.co.uk/img/shelley.jpg]
[www.artesiangroup.co.uk/img/david.jpg]
[www.artesiangroup.co.uk/img/israel.jpg]
[www.artesiangroup.co.uk/img/sarah.jpg]
[www.artesiangroup.co.uk/img/alper.jpg]
[www.artesiangroup.co.uk/associates.html]
[www.artesiangroup.co.uk/img/name.jpg]
[www.artesiangroup.co.uk/name.html]
[www.artesiangroup.co.uk/img/our-values.jpg]
[www.artesiangroup.co.uk/our-values.html]
[www.artesiangroup.co.uk/img/contact.jpg]
[www.artesiangroup.co.uk/get-in-touch.html]
[www.artesiangroup.co.uk/index-2.html]
[www.artesiangroup.co.uk/img/healthy-leadership.jpg]
[www.artesiangroup.co.uk/img/stage1.jpg]
[www.artesiangroup.co.uk/img/stage2.jpg]
[www.artesiangroup.co.uk/img/stage3.jpg]
[www.artesiangroup.co.uk/img/play.jpg]
[www.artesiangroup.co.uk/healthy-leadership.html]
[www.artesiangroup.co.uk/img/diagnos.jpg]
[www.artesiangroup.co.uk/diagnostic-tools.html]
[www.artesiangroup.co.uk/css/font/fontawesome-webfontf77b.eot]
[www.artesiangroup.co.uk/css/font/fontawesome-webfontd41d.eot]
[www.artesiangroup.co.uk/css/font/fontawesome-webfontf77b.woff]
[www.artesiangroup.co.uk/css/font/fontawesome-webfontf77b.ttf]
[www.artesiangroup.co.uk/css/font-awesome.css]
[www.artesiangroup.co.uk/font/sourcesanspro-light-webfont.svg]
[www.artesiangroup.co.uk/bjqs.css]
[www.artesiangroup.co.uk/pdf/TMP_2019_flyer.html]
[www.artesiangroup.co.uk/pdf/breakthrough_thinking_2019_flyer.html]
[www.artesiangroup.co.uk/pdf/breakthrough_coaching_2019.html]
[www.artesiangroup.co.uk/css/font/fontawesome-webfont.svg]
[www.artesiangroup.co.uk/img/new.jpg]
[www.artesiangroup.co.uk/praise.html]
[www.artesiangroup.co.uk/css/font/fontawesome-webfont.svg]
